Archive member included because of file (symbol)

c:/tools/devkitpro/devkitarm/bin/../lib/gcc/arm-eabi/4.4.3/../../../../arm-eabi/lib\libc.a(lib_a-atexit.o)
                              c:/tools/devkitpro/devkitarm/bin/../lib/gcc/arm-eabi/4.4.3/../../../../arm-eabi/lib/crt0.o (atexit)
c:/tools/devkitpro/devkitarm/bin/../lib/gcc/arm-eabi/4.4.3/../../../../arm-eabi/lib\libc.a(lib_a-exit.o)
                              c:/tools/devkitpro/devkitarm/bin/../lib/gcc/arm-eabi/4.4.3/../../../../arm-eabi/lib/crt0.o (exit)
c:/tools/devkitpro/devkitarm/bin/../lib/gcc/arm-eabi/4.4.3/../../../../arm-eabi/lib\libc.a(lib_a-impure.o)
                              c:/tools/devkitpro/devkitarm/bin/../lib/gcc/arm-eabi/4.4.3/../../../../arm-eabi/lib\libc.a(lib_a-exit.o) (_global_impure_ptr)
c:/tools/devkitpro/devkitarm/bin/../lib/gcc/arm-eabi/4.4.3/../../../../arm-eabi/lib\libc.a(lib_a-init.o)
                              c:/tools/devkitpro/devkitarm/bin/../lib/gcc/arm-eabi/4.4.3/../../../../arm-eabi/lib/crt0.o (__libc_init_array)
c:/tools/devkitpro/devkitarm/bin/../lib/gcc/arm-eabi/4.4.3/../../../../arm-eabi/lib\libc.a(lib_a-memset.o)
                              c:/tools/devkitpro/devkitarm/bin/../lib/gcc/arm-eabi/4.4.3/../../../../arm-eabi/lib/crt0.o (memset)
c:/tools/devkitpro/devkitarm/bin/../lib/gcc/arm-eabi/4.4.3/../../../../arm-eabi/lib\libc.a(lib_a-__atexit.o)
                              c:/tools/devkitpro/devkitarm/bin/../lib/gcc/arm-eabi/4.4.3/../../../../arm-eabi/lib\libc.a(lib_a-atexit.o) (__register_exitproc)
c:/tools/devkitpro/devkitarm/bin/../lib/gcc/arm-eabi/4.4.3/../../../../arm-eabi/lib\libc.a(lib_a-__call_atexit.o)
                              c:/tools/devkitpro/devkitarm/bin/../lib/gcc/arm-eabi/4.4.3/../../../../arm-eabi/lib\libc.a(lib_a-exit.o) (__call_exitprocs)
c:/tools/devkitpro/devkitarm/bin/../lib/gcc/arm-eabi/4.4.3/../../../../arm-eabi/lib\libsysbase.a(_exit.o)
                              c:/tools/devkitpro/devkitarm/bin/../lib/gcc/arm-eabi/4.4.3/../../../../arm-eabi/lib\libc.a(lib_a-exit.o) (_exit)
c:/tools/devkitpro/devkitarm/bin/../lib/gcc/arm-eabi/4.4.3/../../../../arm-eabi/lib\libsysbase.a(syscall_support.o)
                              c:/tools/devkitpro/devkitarm/bin/../lib/gcc/arm-eabi/4.4.3/../../../../arm-eabi/lib\libsysbase.a(_exit.o) (__syscalls)

Discarded input sections

 .text          0x00000000        0x0 c:/tools/devkitpro/devkitarm/bin/../lib/gcc/arm-eabi/4.4.3/crti.o
 .data          0x00000000        0x0 c:/tools/devkitpro/devkitarm/bin/../lib/gcc/arm-eabi/4.4.3/crti.o
 .bss           0x00000000        0x0 c:/tools/devkitpro/devkitarm/bin/../lib/gcc/arm-eabi/4.4.3/crti.o
 .text          0x00000000      0x104 c:/tools/devkitpro/devkitarm/bin/../lib/gcc/arm-eabi/4.4.3/../../../../arm-eabi/lib/crt0.o
 .data          0x00000000        0x0 c:/tools/devkitpro/devkitarm/bin/../lib/gcc/arm-eabi/4.4.3/../../../../arm-eabi/lib/crt0.o
 .bss           0x00000000        0x0 c:/tools/devkitpro/devkitarm/bin/../lib/gcc/arm-eabi/4.4.3/../../../../arm-eabi/lib/crt0.o
 .ARM.extab     0x00000000        0x0 c:/tools/devkitpro/devkitarm/bin/../lib/gcc/arm-eabi/4.4.3/../../../../arm-eabi/lib/crt0.o
 .ARM.exidx     0x00000000        0x8 c:/tools/devkitpro/devkitarm/bin/../lib/gcc/arm-eabi/4.4.3/../../../../arm-eabi/lib/crt0.o
 .data          0x00000000        0x0 dbg/startup.o
 .bss           0x00000000        0x0 dbg/startup.o
 .text          0x00000000        0x0 dbg/arm_exc.o
 .data          0x00000000        0x0 dbg/arm_exc.o
 .bss           0x00000000        0x0 dbg/arm_exc.o
 .text          0x00000000        0x0 dbg/low_level_init.o
 .data          0x00000000        0x0 dbg/low_level_init.o
 .bss           0x00000000        0x0 dbg/low_level_init.o
 .text          0x00000000        0x0 dbg/isr.o
 .data          0x00000000        0x0 dbg/isr.o
 .text          0x00000000        0x0 dbg/bsp.o
 .data          0x00000000        0x0 dbg/bsp.o
 .bss           0x00000000        0x0 dbg/bsp.o
 .text          0x00000000        0x0 dbg/blinky.o
 .data          0x00000000        0x0 dbg/blinky.o
 .text._ZN6BlinkyC2Ehjj
                0x00000000       0x30 dbg/blinky.o
 .text._ZN6BlinkyD2Ev
                0x00000000        0xc dbg/blinky.o
 .text          0x00000000        0x0 dbg/mini_cpp.o
 .data          0x00000000        0x0 dbg/mini_cpp.o
 .bss           0x00000000        0x0 dbg/mini_cpp.o
 .text._Znwj    0x00000000       0x18 dbg/mini_cpp.o
 .text          0x00000000        0x0 dbg/no_heap.o
 .data          0x00000000        0x0 dbg/no_heap.o
 .bss           0x00000000        0x0 dbg/no_heap.o
 .text.malloc   0x00000000        0x4 dbg/no_heap.o
 .text          0x00000000       0x38 c:/tools/devkitpro/devkitarm/bin/../lib/gcc/arm-eabi/4.4.3/../../../../arm-eabi/lib\libc.a(lib_a-atexit.o)
 .data          0x00000000        0x0 c:/tools/devkitpro/devkitarm/bin/../lib/gcc/arm-eabi/4.4.3/../../../../arm-eabi/lib\libc.a(lib_a-atexit.o)
 .bss           0x00000000        0x0 c:/tools/devkitpro/devkitarm/bin/../lib/gcc/arm-eabi/4.4.3/../../../../arm-eabi/lib\libc.a(lib_a-atexit.o)
 .text          0x00000000       0x5c c:/tools/devkitpro/devkitarm/bin/../lib/gcc/arm-eabi/4.4.3/../../../../arm-eabi/lib\libc.a(lib_a-exit.o)
 .data          0x00000000        0x0 c:/tools/devkitpro/devkitarm/bin/../lib/gcc/arm-eabi/4.4.3/../../../../arm-eabi/lib\libc.a(lib_a-exit.o)
 .bss           0x00000000        0x0 c:/tools/devkitpro/devkitarm/bin/../lib/gcc/arm-eabi/4.4.3/../../../../arm-eabi/lib\libc.a(lib_a-exit.o)
 .text          0x00000000        0x0 c:/tools/devkitpro/devkitarm/bin/../lib/gcc/arm-eabi/4.4.3/../../../../arm-eabi/lib\libc.a(lib_a-impure.o)
 .data          0x00000000      0x430 c:/tools/devkitpro/devkitarm/bin/../lib/gcc/arm-eabi/4.4.3/../../../../arm-eabi/lib\libc.a(lib_a-impure.o)
 .bss           0x00000000        0x0 c:/tools/devkitpro/devkitarm/bin/../lib/gcc/arm-eabi/4.4.3/../../../../arm-eabi/lib\libc.a(lib_a-impure.o)
 .rodata        0x00000000        0x8 c:/tools/devkitpro/devkitarm/bin/../lib/gcc/arm-eabi/4.4.3/../../../../arm-eabi/lib\libc.a(lib_a-impure.o)
 .data          0x00000000        0x0 c:/tools/devkitpro/devkitarm/bin/../lib/gcc/arm-eabi/4.4.3/../../../../arm-eabi/lib\libc.a(lib_a-init.o)
 .bss           0x00000000        0x0 c:/tools/devkitpro/devkitarm/bin/../lib/gcc/arm-eabi/4.4.3/../../../../arm-eabi/lib\libc.a(lib_a-init.o)
 .text          0x00000000      0x224 c:/tools/devkitpro/devkitarm/bin/../lib/gcc/arm-eabi/4.4.3/../../../../arm-eabi/lib\libc.a(lib_a-memset.o)
 .data          0x00000000        0x0 c:/tools/devkitpro/devkitarm/bin/../lib/gcc/arm-eabi/4.4.3/../../../../arm-eabi/lib\libc.a(lib_a-memset.o)
 .bss           0x00000000        0x0 c:/tools/devkitpro/devkitarm/bin/../lib/gcc/arm-eabi/4.4.3/../../../../arm-eabi/lib\libc.a(lib_a-memset.o)
 .text          0x00000000      0x174 c:/tools/devkitpro/devkitarm/bin/../lib/gcc/arm-eabi/4.4.3/../../../../arm-eabi/lib\libc.a(lib_a-__atexit.o)
 .data          0x00000000        0x0 c:/tools/devkitpro/devkitarm/bin/../lib/gcc/arm-eabi/4.4.3/../../../../arm-eabi/lib\libc.a(lib_a-__atexit.o)
 .bss           0x00000000        0x4 c:/tools/devkitpro/devkitarm/bin/../lib/gcc/arm-eabi/4.4.3/../../../../arm-eabi/lib\libc.a(lib_a-__atexit.o)
 .text          0x00000000      0x1fc c:/tools/devkitpro/devkitarm/bin/../lib/gcc/arm-eabi/4.4.3/../../../../arm-eabi/lib\libc.a(lib_a-__call_atexit.o)
 .data          0x00000000        0x0 c:/tools/devkitpro/devkitarm/bin/../lib/gcc/arm-eabi/4.4.3/../../../../arm-eabi/lib\libc.a(lib_a-__call_atexit.o)
 .bss           0x00000000        0x0 c:/tools/devkitpro/devkitarm/bin/../lib/gcc/arm-eabi/4.4.3/../../../../arm-eabi/lib\libc.a(lib_a-__call_atexit.o)
 .text          0x00000000       0x1c c:/tools/devkitpro/devkitarm/bin/../lib/gcc/arm-eabi/4.4.3/../../../../arm-eabi/lib\libsysbase.a(_exit.o)
 .data          0x00000000        0x0 c:/tools/devkitpro/devkitarm/bin/../lib/gcc/arm-eabi/4.4.3/../../../../arm-eabi/lib\libsysbase.a(_exit.o)
 .bss           0x00000000        0x0 c:/tools/devkitpro/devkitarm/bin/../lib/gcc/arm-eabi/4.4.3/../../../../arm-eabi/lib\libsysbase.a(_exit.o)
 .text          0x00000000        0x0 c:/tools/devkitpro/devkitarm/bin/../lib/gcc/arm-eabi/4.4.3/../../../../arm-eabi/lib\libsysbase.a(syscall_support.o)
 .data          0x00000000        0x0 c:/tools/devkitpro/devkitarm/bin/../lib/gcc/arm-eabi/4.4.3/../../../../arm-eabi/lib\libsysbase.a(syscall_support.o)
 .bss           0x00000000        0x8 c:/tools/devkitpro/devkitarm/bin/../lib/gcc/arm-eabi/4.4.3/../../../../arm-eabi/lib\libsysbase.a(syscall_support.o)
 .text          0x00000000        0x0 c:/tools/devkitpro/devkitarm/bin/../lib/gcc/arm-eabi/4.4.3/crtend.o
 .data          0x00000000        0x0 c:/tools/devkitpro/devkitarm/bin/../lib/gcc/arm-eabi/4.4.3/crtend.o
 .bss           0x00000000        0x0 c:/tools/devkitpro/devkitarm/bin/../lib/gcc/arm-eabi/4.4.3/crtend.o
 .eh_frame      0x00000000        0x4 c:/tools/devkitpro/devkitarm/bin/../lib/gcc/arm-eabi/4.4.3/crtend.o
 .jcr           0x00000000        0x4 c:/tools/devkitpro/devkitarm/bin/../lib/gcc/arm-eabi/4.4.3/crtend.o
 .text          0x00000000        0x0 c:/tools/devkitpro/devkitarm/bin/../lib/gcc/arm-eabi/4.4.3/crtn.o
 .data          0x00000000        0x0 c:/tools/devkitpro/devkitarm/bin/../lib/gcc/arm-eabi/4.4.3/crtn.o
 .bss           0x00000000        0x0 c:/tools/devkitpro/devkitarm/bin/../lib/gcc/arm-eabi/4.4.3/crtn.o

Memory Configuration

Name             Origin             Length             Attributes
ROM              0x00100000         0x00010000         xr
RAM              0x00200000         0x00004000         xrw
*default*        0x00000000         0xffffffff

Linker script and memory map

LOAD c:/tools/devkitpro/devkitarm/bin/../lib/gcc/arm-eabi/4.4.3/crti.o
LOAD c:/tools/devkitpro/devkitarm/bin/../lib/gcc/arm-eabi/4.4.3/crtbegin.o
LOAD c:/tools/devkitpro/devkitarm/bin/../lib/gcc/arm-eabi/4.4.3/../../../../arm-eabi/lib/crt0.o
LOAD dbg/startup.o
LOAD dbg/arm_exc.o
LOAD dbg/low_level_init.o
LOAD dbg/isr.o
LOAD dbg/bsp.o
LOAD dbg/blinky.o
LOAD dbg/mini_cpp.o
LOAD dbg/no_heap.o
LOAD c:/tools/devkitpro/devkitarm/bin/../lib/gcc/arm-eabi/4.4.3/../../../../arm-eabi/lib\libstdc++.a
LOAD c:/tools/devkitpro/devkitarm/bin/../lib/gcc/arm-eabi/4.4.3/../../../../arm-eabi/lib\libm.a
START GROUP
LOAD c:/tools/devkitpro/devkitarm/bin/../lib/gcc/arm-eabi/4.4.3\libgcc.a
LOAD c:/tools/devkitpro/devkitarm/bin/../lib/gcc/arm-eabi/4.4.3/../../../../arm-eabi/lib\libc.a
LOAD c:/tools/devkitpro/devkitarm/bin/../lib/gcc/arm-eabi/4.4.3/../../../../arm-eabi/lib\libsysbase.a
END GROUP
LOAD c:/tools/devkitpro/devkitarm/bin/../lib/gcc/arm-eabi/4.4.3/crtend.o
LOAD c:/tools/devkitpro/devkitarm/bin/../lib/gcc/arm-eabi/4.4.3/crtn.o
                0x00000200                C_STACK_SIZE = 0x200
                0x00000000                IRQ_STACK_SIZE = 0x0
                0x00000000                FIQ_STACK_SIZE = 0x0
                0x00000000                SVC_STACK_SIZE = 0x0
                0x00000000                ABT_STACK_SIZE = 0x0
                0x00000000                UND_STACK_SIZE = 0x0
                0x00000000                HEAP_SIZE = 0x0

.reset          0x00100000      0x180
 *startup.o(.text)
 .text          0x00100000      0x180 dbg/startup.o
                0x00100000                _vectors
                0x00100180                . = ALIGN (0x4)

.ramvect        0x00200000       0x40
                0x00200000                __ram_start = .
                0x00200040                . = 0x40
 *fill*         0x00200000       0x40 00

.fastcode       0x00200040      0x324 load address 0x00100180
                0x00100180                __fastcode_load = LOADADDR (.fastcode)
                0x00200040                __fastcode_start = .
 *(.glue_7t)
 .glue_7t       0x00000000        0x0 linker stubs
 *(.glue_7)
 .glue_7        0x00000000        0x0 linker stubs
 *isr.o(.text.*)
 .text._Z12eventFlagSeth
                0x00200040       0x28 dbg/isr.o
                0x00200040                eventFlagSet(unsigned char)
 .text._Z14eventFlagCheckh
                0x00200068       0x40 dbg/isr.o
                0x00200068                eventFlagCheck(unsigned char)
 .text._Z7ISR_pitv
                0x002000a8       0x38 dbg/isr.o
                0x002000a8                ISR_pit()
 .text._Z10ISR_timer0v
                0x002000e0       0x3c dbg/isr.o
                0x002000e0                ISR_timer0()
 .text._Z8ISR_spurv
                0x0020011c        0x4 dbg/isr.o
                0x0020011c                ISR_spur()
 .text.fastcode
                0x00200120       0x68 dbg/isr.o
                0x00200120                BSP_irq
                0x0020014c                BSP_fiq
 *(.text.fastcode)
 .text.fastcode
                0x00200188      0x180 dbg/arm_exc.o
                0x00200188                ARM_int_lock_SYS
                0x00200194                ARM_int_unlock_SYS
                0x0020019c                ARM_irq
                0x00200204                ARM_fiq
                0x00200268                ARM_reset
                0x00200270                ARM_undef
                0x00200278                ARM_swi
                0x00200280                ARM_pAbort
                0x00200288                ARM_dAbort
                0x00200290                ARM_reserved
                0x00200298                ARM_except
 *(.text._ZN6Blinky8dispatchEv)
 .text._ZN6Blinky8dispatchEv
                0x00200308       0x5c dbg/blinky.o
                0x00200308                Blinky::dispatch()
                0x00200364                . = ALIGN (0x4)
                0x00200364                __fastcode_end = .

.text           0x001004a8      0x718
                0x001004a8                . = ALIGN (0x4)
 *(.text)
 .text          0x001004a8       0x94 c:/tools/devkitpro/devkitarm/bin/../lib/gcc/arm-eabi/4.4.3/crtbegin.o
 .text          0x0010053c      0x140 c:/tools/devkitpro/devkitarm/bin/../lib/gcc/arm-eabi/4.4.3/../../../../arm-eabi/lib\libc.a(lib_a-init.o)
                0x0010053c                __libc_init_array
                0x00100608                __libc_fini_array
 *(.text*)
 .text.low_level_init
                0x0010067c      0x178 dbg/low_level_init.o
                0x0010067c                low_level_init
 .text._ZL13AT91F_TC_openP9_AT91S_TCjj
                0x001007f4       0x30 dbg/bsp.o
 .text.BSP_abort
                0x00100824        0x4 dbg/bsp.o
                0x00100824                BSP_abort
 .text._Z8BSP_initv
                0x00100828      0x180 dbg/bsp.o
                0x00100828                BSP_init()
 .text._ZN6BlinkyC1Ehjj
                0x001009a8       0x30 dbg/blinky.o
                0x001009a8                Blinky::Blinky(unsigned char, unsigned int, unsigned int)
 .text._ZN6BlinkyD1Ev
                0x001009d8        0xc dbg/blinky.o
                0x001009d8                Blinky::~Blinky()
 .text._GLOBAL__I__ZN6BlinkyC2Ehjj
                0x001009e4       0xbc dbg/blinky.o
 .text.main     0x00100aa0       0x80 dbg/blinky.o
                0x00100aa0                main
 .text._ZN6BlinkyD0Ev
                0x00100b20       0x24 dbg/blinky.o
                0x00100b20                Blinky::~Blinky()
 .text.__aeabi_atexit
                0x00100b44        0x4 dbg/mini_cpp.o
                0x00100b44                __aeabi_atexit
 .text._ZdlPv   0x00100b48       0x18 dbg/mini_cpp.o
                0x00100b48                operator delete(void*)
 .text.free     0x00100b60        0x4 dbg/no_heap.o
                0x00100b60                free
 *(.rodata)
 .rodata        0x00100b64       0x10 dbg/bsp.o
                0x00100b64                BSP_led
 *fill*         0x00100b74        0x4 00
 .rodata        0x00100b78       0x18 dbg/blinky.o
                0x00100b78                vtable for Blinky
 *(.rodata*)
 *(.glue_7)
 *(.glue_7t)
 *(.init)
 .init          0x00100b90        0xc c:/tools/devkitpro/devkitarm/bin/../lib/gcc/arm-eabi/4.4.3/crti.o
                0x00100b90                _init
 .init          0x00100b9c        0xc c:/tools/devkitpro/devkitarm/bin/../lib/gcc/arm-eabi/4.4.3/crtn.o
 *(.fini)
 .fini          0x00100ba8        0xc c:/tools/devkitpro/devkitarm/bin/../lib/gcc/arm-eabi/4.4.3/crti.o
                0x00100ba8                _fini
 .fini          0x00100bb4        0xc c:/tools/devkitpro/devkitarm/bin/../lib/gcc/arm-eabi/4.4.3/crtn.o
                0x00100bc0                . = ALIGN (0x4)
                0x00100bc0                _etext = .

.eh_frame       0x00100bc0        0x0
 .eh_frame      0x00100bc0        0x0 c:/tools/devkitpro/devkitarm/bin/../lib/gcc/arm-eabi/4.4.3/crtbegin.o

.vfp11_veneer   0x00100bc0        0x0
 .vfp11_veneer  0x00000000        0x0 linker stubs

.v4_bx          0x00100bc0        0x0
 .v4_bx         0x00000000        0x0 linker stubs

.preinit_array  0x00100bc0        0x0
                0x00100bc0                PROVIDE (__preinit_array_start, .)
 *(SORT(.preinit_array.*))
 *(.preinit_array*)
                0x00100bc0                PROVIDE (__preinit_array_end, .)

.init_array     0x00100bc0        0x8
                0x00100bc0                PROVIDE (__init_array_start, .)
 *(SORT(.init_array.*))
 *(.init_array*)
 .init_array    0x00100bc0        0x4 c:/tools/devkitpro/devkitarm/bin/../lib/gcc/arm-eabi/4.4.3/crtbegin.o
 .init_array    0x00100bc4        0x4 dbg/blinky.o
                0x00100bc8                PROVIDE (__init_array_end, .)

.fini_array     0x00100bc8        0x4
                0x00100bc8                PROVIDE (__fini_array_start, .)
 *(.fini_array*)
 .fini_array    0x00100bc8        0x4 c:/tools/devkitpro/devkitarm/bin/../lib/gcc/arm-eabi/4.4.3/crtbegin.o
 *(SORT(.fini_array.*))
                0x00100bcc                PROVIDE (__fini_array_end, .)

.data           0x00200364        0x4 load address 0x00100bcc
                0x00100bcc                __data_load = LOADADDR (.data)
                0x00200364                __data_start = .
 *(.data)
 .data          0x00200364        0x4 c:/tools/devkitpro/devkitarm/bin/../lib/gcc/arm-eabi/4.4.3/crtbegin.o
                0x00200364                __dso_handle
 *(.data*)
                0x00200368                . = ALIGN (0x4)
                0x00200368                _edata = .

.jcr            0x00200368        0x0
 .jcr           0x00200368        0x0 c:/tools/devkitpro/devkitarm/bin/../lib/gcc/arm-eabi/4.4.3/crtbegin.o

.bss            0x00200368       0x70 load address 0x00100bd0
                0x00200368                __bss_start__ = .
 *(.bss)
 .bss           0x00200368       0x1c c:/tools/devkitpro/devkitarm/bin/../lib/gcc/arm-eabi/4.4.3/crtbegin.o
 .bss           0x00200384        0x4 dbg/isr.o
 .bss           0x00200388       0x50 dbg/blinky.o
 *(.bss*)
 *(COMMON)
                0x002003d8                . = ALIGN (0x4)
                0x002003d8                _ebss = .
                0x002003d8                __bss_end__ = .
                0x002003d8                PROVIDE (end, _ebss)
                0x002003d8                PROVIDE (_end, _ebss)
                0x002003d8                PROVIDE (__end__, _ebss)

.heap           0x002003d8        0x0 load address 0x00100bd0
                0x002003d8                __heap_start__ = .
                0x002003d8                . = (. + HEAP_SIZE)
                0x002003d8                . = ALIGN (0x4)
                0x002003d8                __heap_end__ = .

.stack          0x002003d8      0x200 load address 0x00100bd0
                0x002003d8                __stack_start__ = .
                0x002003d8                . = (. + IRQ_STACK_SIZE)
                0x002003d8                . = ALIGN (0x4)
                0x002003d8                __irq_stack_top__ = .
                0x002003d8                . = (. + FIQ_STACK_SIZE)
                0x002003d8                . = ALIGN (0x4)
                0x002003d8                __fiq_stack_top__ = .
                0x002003d8                . = (. + SVC_STACK_SIZE)
                0x002003d8                . = ALIGN (0x4)
                0x002003d8                __svc_stack_top__ = .
                0x002003d8                . = (. + ABT_STACK_SIZE)
                0x002003d8                . = ALIGN (0x4)
                0x002003d8                __abt_stack_top__ = .
                0x002003d8                . = (. + UND_STACK_SIZE)
                0x002003d8                . = ALIGN (0x4)
                0x002003d8                __und_stack_top__ = .
                0x002005d8                . = (. + C_STACK_SIZE)
 *fill*         0x002003d8      0x200 00
                0x002005d8                . = ALIGN (0x4)
                0x002005d8                __c_stack_top__ = .
                0x002005d8                __stack_end__ = .

/DISCARD/
 libc.a(*)
 libm.a(*)
 libgcc.a(*)
OUTPUT(dbg\blinky.elf elf32-littlearm)

.ARM.attributes
                0x00000000       0x2c
 .ARM.attributes
                0x00000000       0x20 c:/tools/devkitpro/devkitarm/bin/../lib/gcc/arm-eabi/4.4.3/crti.o
 .ARM.attributes
                0x00000020       0x30 c:/tools/devkitpro/devkitarm/bin/../lib/gcc/arm-eabi/4.4.3/crtbegin.o
 .ARM.attributes
                0x00000050       0x20 c:/tools/devkitpro/devkitarm/bin/../lib/gcc/arm-eabi/4.4.3/../../../../arm-eabi/lib/crt0.o
 .ARM.attributes
                0x00000070       0x20 dbg/startup.o
 .ARM.attributes
                0x00000090       0x20 dbg/arm_exc.o
 .ARM.attributes
                0x000000b0       0x30 dbg/low_level_init.o
 .ARM.attributes
                0x000000e0       0x30 dbg/isr.o
 .ARM.attributes
                0x00000110       0x30 dbg/bsp.o
 .ARM.attributes
                0x00000140       0x30 dbg/blinky.o
 .ARM.attributes
                0x00000170       0x30 dbg/mini_cpp.o
 .ARM.attributes
                0x000001a0       0x30 dbg/no_heap.o
 .ARM.attributes
                0x000001d0       0x30 c:/tools/devkitpro/devkitarm/bin/../lib/gcc/arm-eabi/4.4.3/../../../../arm-eabi/lib\libc.a(lib_a-atexit.o)
 .ARM.attributes
                0x00000200       0x30 c:/tools/devkitpro/devkitarm/bin/../lib/gcc/arm-eabi/4.4.3/../../../../arm-eabi/lib\libc.a(lib_a-exit.o)
 .ARM.attributes
                0x00000230       0x30 c:/tools/devkitpro/devkitarm/bin/../lib/gcc/arm-eabi/4.4.3/../../../../arm-eabi/lib\libc.a(lib_a-impure.o)
 .ARM.attributes
                0x00000260       0x30 c:/tools/devkitpro/devkitarm/bin/../lib/gcc/arm-eabi/4.4.3/../../../../arm-eabi/lib\libc.a(lib_a-init.o)
 .ARM.attributes
                0x00000290       0x30 c:/tools/devkitpro/devkitarm/bin/../lib/gcc/arm-eabi/4.4.3/../../../../arm-eabi/lib\libc.a(lib_a-memset.o)
 .ARM.attributes
                0x000002c0       0x30 c:/tools/devkitpro/devkitarm/bin/../lib/gcc/arm-eabi/4.4.3/../../../../arm-eabi/lib\libc.a(lib_a-__atexit.o)
 .ARM.attributes
                0x000002f0       0x30 c:/tools/devkitpro/devkitarm/bin/../lib/gcc/arm-eabi/4.4.3/../../../../arm-eabi/lib\libc.a(lib_a-__call_atexit.o)
 .ARM.attributes
                0x00000320       0x30 c:/tools/devkitpro/devkitarm/bin/../lib/gcc/arm-eabi/4.4.3/../../../../arm-eabi/lib\libsysbase.a(_exit.o)
 .ARM.attributes
                0x00000350       0x30 c:/tools/devkitpro/devkitarm/bin/../lib/gcc/arm-eabi/4.4.3/../../../../arm-eabi/lib\libsysbase.a(syscall_support.o)
 .ARM.attributes
                0x00000380       0x30 c:/tools/devkitpro/devkitarm/bin/../lib/gcc/arm-eabi/4.4.3/crtend.o
 .ARM.attributes
                0x000003b0       0x20 c:/tools/devkitpro/devkitarm/bin/../lib/gcc/arm-eabi/4.4.3/crtn.o

.comment        0x00000000       0x22
 .comment       0x00000000       0x22 c:/tools/devkitpro/devkitarm/bin/../lib/gcc/arm-eabi/4.4.3/crtbegin.o
                                 0x23 (size before relaxing)
 .comment       0x00000000       0x23 dbg/low_level_init.o
 .comment       0x00000000       0x23 dbg/isr.o
 .comment       0x00000000       0x23 dbg/bsp.o
 .comment       0x00000000       0x23 dbg/blinky.o
 .comment       0x00000000       0x23 dbg/mini_cpp.o
 .comment       0x00000000       0x23 dbg/no_heap.o
 .comment       0x00000000       0x23 c:/tools/devkitpro/devkitarm/bin/../lib/gcc/arm-eabi/4.4.3/../../../../arm-eabi/lib\libc.a(lib_a-atexit.o)
 .comment       0x00000000       0x23 c:/tools/devkitpro/devkitarm/bin/../lib/gcc/arm-eabi/4.4.3/../../../../arm-eabi/lib\libc.a(lib_a-exit.o)
 .comment       0x00000000       0x23 c:/tools/devkitpro/devkitarm/bin/../lib/gcc/arm-eabi/4.4.3/../../../../arm-eabi/lib\libc.a(lib_a-impure.o)
 .comment       0x00000000       0x23 c:/tools/devkitpro/devkitarm/bin/../lib/gcc/arm-eabi/4.4.3/../../../../arm-eabi/lib\libc.a(lib_a-init.o)
 .comment       0x00000000       0x23 c:/tools/devkitpro/devkitarm/bin/../lib/gcc/arm-eabi/4.4.3/../../../../arm-eabi/lib\libc.a(lib_a-memset.o)
 .comment       0x00000000       0x23 c:/tools/devkitpro/devkitarm/bin/../lib/gcc/arm-eabi/4.4.3/../../../../arm-eabi/lib\libc.a(lib_a-__atexit.o)
 .comment       0x00000000       0x23 c:/tools/devkitpro/devkitarm/bin/../lib/gcc/arm-eabi/4.4.3/../../../../arm-eabi/lib\libc.a(lib_a-__call_atexit.o)
 .comment       0x00000000       0x23 c:/tools/devkitpro/devkitarm/bin/../lib/gcc/arm-eabi/4.4.3/../../../../arm-eabi/lib\libsysbase.a(_exit.o)
 .comment       0x00000000       0x23 c:/tools/devkitpro/devkitarm/bin/../lib/gcc/arm-eabi/4.4.3/../../../../arm-eabi/lib\libsysbase.a(syscall_support.o)
 .comment       0x00000000       0x23 c:/tools/devkitpro/devkitarm/bin/../lib/gcc/arm-eabi/4.4.3/crtend.o

.debug_line     0x00000000      0x6c1
 .debug_line    0x00000000       0x78 dbg/startup.o
 .debug_line    0x00000078       0x96 dbg/arm_exc.o
 .debug_line    0x0000010e       0xdc dbg/low_level_init.o
 .debug_line    0x000001ea      0x121 dbg/isr.o
 .debug_line    0x0000030b      0x106 dbg/bsp.o
 .debug_line    0x00000411      0x167 dbg/blinky.o
 .debug_line    0x00000578       0xae dbg/mini_cpp.o
 .debug_line    0x00000626       0x9b dbg/no_heap.o

.debug_info     0x00000000     0x18f7
 .debug_info    0x00000000       0x42 dbg/startup.o
 .debug_info    0x00000042       0x42 dbg/arm_exc.o
 .debug_info    0x00000084      0x378 dbg/low_level_init.o
 .debug_info    0x000003fc      0x4c8 dbg/isr.o
 .debug_info    0x000008c4      0x7c6 dbg/bsp.o
 .debug_info    0x0000108a      0x678 dbg/blinky.o
 .debug_info    0x00001702      0x132 dbg/mini_cpp.o
 .debug_info    0x00001834       0xc3 dbg/no_heap.o

.debug_abbrev   0x00000000      0x7b4
 .debug_abbrev  0x00000000       0x14 dbg/startup.o
 .debug_abbrev  0x00000014       0x14 dbg/arm_exc.o
 .debug_abbrev  0x00000028      0x104 dbg/low_level_init.o
 .debug_abbrev  0x0000012c      0x175 dbg/isr.o
 .debug_abbrev  0x000002a1      0x159 dbg/bsp.o
 .debug_abbrev  0x000003fa      0x26a dbg/blinky.o
 .debug_abbrev  0x00000664       0xd4 dbg/mini_cpp.o
 .debug_abbrev  0x00000738       0x7c dbg/no_heap.o

.debug_aranges  0x00000000      0x190
 .debug_aranges
                0x00000000       0x20 dbg/startup.o
 .debug_aranges
                0x00000020       0x20 dbg/arm_exc.o
 .debug_aranges
                0x00000040       0x20 dbg/low_level_init.o
 .debug_aranges
                0x00000060       0x50 dbg/isr.o
 .debug_aranges
                0x000000b0       0x30 dbg/bsp.o
 .debug_aranges
                0x000000e0       0x58 dbg/blinky.o
 .debug_aranges
                0x00000138       0x30 dbg/mini_cpp.o
 .debug_aranges
                0x00000168       0x28 dbg/no_heap.o

.debug_frame    0x00000000      0x2d4
 .debug_frame   0x00000000       0x20 dbg/low_level_init.o
 .debug_frame   0x00000020       0xb4 dbg/isr.o
 .debug_frame   0x000000d4       0x78 dbg/bsp.o
 .debug_frame   0x0000014c      0x100 dbg/blinky.o
 .debug_frame   0x0000024c       0x58 dbg/mini_cpp.o
 .debug_frame   0x000002a4       0x30 dbg/no_heap.o

.debug_loc      0x00000000      0x43b
 .debug_loc     0x00000000       0x26 dbg/low_level_init.o
 .debug_loc     0x00000026      0x136 dbg/isr.o
 .debug_loc     0x0000015c       0xba dbg/bsp.o
 .debug_loc     0x00000216      0x1ae dbg/blinky.o
 .debug_loc     0x000003c4       0x77 dbg/mini_cpp.o

.debug_pubnames
                0x00000000      0x1d6
 .debug_pubnames
                0x00000000       0x25 dbg/low_level_init.o
 .debug_pubnames
                0x00000025       0x76 dbg/isr.o
 .debug_pubnames
                0x0000009b       0x39 dbg/bsp.o
 .debug_pubnames
                0x000000d4       0x92 dbg/blinky.o
 .debug_pubnames
                0x00000166       0x4a dbg/mini_cpp.o
 .debug_pubnames
                0x000001b0       0x26 dbg/no_heap.o

.debug_ranges   0x00000000      0x120
 .debug_ranges  0x00000000       0x18 dbg/low_level_init.o
 .debug_ranges  0x00000018       0x48 dbg/isr.o
 .debug_ranges  0x00000060       0x28 dbg/bsp.o
 .debug_ranges  0x00000088       0x50 dbg/blinky.o
 .debug_ranges  0x000000d8       0x28 dbg/mini_cpp.o
 .debug_ranges  0x00000100       0x20 dbg/no_heap.o

.debug_str      0x00000000      0x77d
 .debug_str     0x00000000      0x21f dbg/low_level_init.o
                                0x238 (size before relaxing)
 .debug_str     0x0000021f      0x229 dbg/isr.o
                                0x2e0 (size before relaxing)
 .debug_str     0x00000448      0x15c dbg/bsp.o
                                0x3ed (size before relaxing)
 .debug_str     0x000005a4      0x15d dbg/blinky.o
                                0x37e (size before relaxing)
 .debug_str     0x00000701       0x64 dbg/mini_cpp.o
                                0x118 (size before relaxing)
 .debug_str     0x00000765       0x18 dbg/no_heap.o
                                 0xc8 (size before relaxing)

Cross Reference Table

Symbol                                            File
ARM_dAbort                                        dbg/arm_exc.o
                                                  dbg/bsp.o
ARM_except                                        dbg/arm_exc.o
ARM_fiq                                           dbg/arm_exc.o
                                                  dbg/bsp.o
ARM_int_lock_SYS                                  dbg/arm_exc.o
ARM_int_unlock_SYS                                dbg/arm_exc.o
                                                  dbg/bsp.o
ARM_irq                                           dbg/arm_exc.o
                                                  dbg/bsp.o
ARM_pAbort                                        dbg/arm_exc.o
                                                  dbg/bsp.o
ARM_reserved                                      dbg/arm_exc.o
                                                  dbg/bsp.o
ARM_reset                                         dbg/arm_exc.o
ARM_swi                                           dbg/arm_exc.o
                                                  dbg/bsp.o
ARM_undef                                         dbg/arm_exc.o
                                                  dbg/bsp.o
BSP_abort                                         dbg/bsp.o
                                                  dbg/arm_exc.o
BSP_fiq                                           dbg/isr.o
                                                  dbg/arm_exc.o
BSP_init()                                        dbg/bsp.o
                                                  dbg/blinky.o
BSP_irq                                           dbg/isr.o
                                                  dbg/arm_exc.o
BSP_led                                           dbg/bsp.o
                                                  dbg/blinky.o
Blinky::Blinky(unsigned char, unsigned int, unsigned int) dbg/blinky.o
Blinky::Blinky(unsigned char, unsigned int, unsigned int) dbg/blinky.o
Blinky::dispatch()                                dbg/blinky.o
Blinky::~Blinky()                                 dbg/blinky.o
Blinky::~Blinky()                                 dbg/blinky.o
Blinky::~Blinky()                                 dbg/blinky.o
ISR_pit()                                         dbg/isr.o
                                                  dbg/bsp.o
ISR_spur()                                        dbg/isr.o
                                                  dbg/bsp.o
ISR_timer0()                                      dbg/isr.o
                                                  dbg/bsp.o
_Jv_RegisterClasses                               c:/tools/devkitpro/devkitarm/bin/../lib/gcc/arm-eabi/4.4.3/crtbegin.o
__abt_stack_top__                                 dbg/startup.o
__aeabi_atexit                                    dbg/mini_cpp.o
                                                  dbg/blinky.o
__bss_end__                                       dbg/startup.o
                                                  c:/tools/devkitpro/devkitarm/bin/../lib/gcc/arm-eabi/4.4.3/../../../../arm-eabi/lib/crt0.o
__bss_start__                                     dbg/startup.o
                                                  c:/tools/devkitpro/devkitarm/bin/../lib/gcc/arm-eabi/4.4.3/../../../../arm-eabi/lib/crt0.o
__c_stack_top__                                   dbg/startup.o
__call_exitprocs                                  c:/tools/devkitpro/devkitarm/bin/../lib/gcc/arm-eabi/4.4.3/../../../../arm-eabi/lib\libc.a(lib_a-__call_atexit.o)
                                                  c:/tools/devkitpro/devkitarm/bin/../lib/gcc/arm-eabi/4.4.3/../../../../arm-eabi/lib\libc.a(lib_a-exit.o)
__data_load                                       dbg/startup.o
__data_start                                      dbg/startup.o
__deregister_frame_info                           c:/tools/devkitpro/devkitarm/bin/../lib/gcc/arm-eabi/4.4.3/crtbegin.o
__dso_handle                                      c:/tools/devkitpro/devkitarm/bin/../lib/gcc/arm-eabi/4.4.3/crtbegin.o
                                                  dbg/blinky.o
__fastcode_end                                    dbg/startup.o
__fastcode_load                                   dbg/startup.o
__fastcode_start                                  dbg/startup.o
__fini_array_end                                  c:/tools/devkitpro/devkitarm/bin/../lib/gcc/arm-eabi/4.4.3/../../../../arm-eabi/lib\libc.a(lib_a-init.o)
__fini_array_start                                c:/tools/devkitpro/devkitarm/bin/../lib/gcc/arm-eabi/4.4.3/../../../../arm-eabi/lib\libc.a(lib_a-init.o)
__fiq_stack_top__                                 dbg/startup.o
__init_array_end                                  c:/tools/devkitpro/devkitarm/bin/../lib/gcc/arm-eabi/4.4.3/../../../../arm-eabi/lib\libc.a(lib_a-init.o)
__init_array_start                                c:/tools/devkitpro/devkitarm/bin/../lib/gcc/arm-eabi/4.4.3/../../../../arm-eabi/lib\libc.a(lib_a-init.o)
__irq_stack_top__                                 dbg/startup.o
__libc_fini_array                                 c:/tools/devkitpro/devkitarm/bin/../lib/gcc/arm-eabi/4.4.3/../../../../arm-eabi/lib\libc.a(lib_a-init.o)
                                                  c:/tools/devkitpro/devkitarm/bin/../lib/gcc/arm-eabi/4.4.3/../../../../arm-eabi/lib/crt0.o
__libc_init_array                                 c:/tools/devkitpro/devkitarm/bin/../lib/gcc/arm-eabi/4.4.3/../../../../arm-eabi/lib\libc.a(lib_a-init.o)
                                                  dbg/startup.o
                                                  c:/tools/devkitpro/devkitarm/bin/../lib/gcc/arm-eabi/4.4.3/../../../../arm-eabi/lib/crt0.o
__preinit_array_end                               c:/tools/devkitpro/devkitarm/bin/../lib/gcc/arm-eabi/4.4.3/../../../../arm-eabi/lib\libc.a(lib_a-init.o)
__preinit_array_start                             c:/tools/devkitpro/devkitarm/bin/../lib/gcc/arm-eabi/4.4.3/../../../../arm-eabi/lib\libc.a(lib_a-init.o)
__ram_start                                       dbg/low_level_init.o
__register_exitproc                               c:/tools/devkitpro/devkitarm/bin/../lib/gcc/arm-eabi/4.4.3/../../../../arm-eabi/lib\libc.a(lib_a-__atexit.o)
                                                  c:/tools/devkitpro/devkitarm/bin/../lib/gcc/arm-eabi/4.4.3/../../../../arm-eabi/lib\libc.a(lib_a-atexit.o)
__register_frame_info                             c:/tools/devkitpro/devkitarm/bin/../lib/gcc/arm-eabi/4.4.3/crtbegin.o
__stack                                           c:/tools/devkitpro/devkitarm/bin/../lib/gcc/arm-eabi/4.4.3/../../../../arm-eabi/lib/crt0.o
__stack_end__                                     dbg/startup.o
__stack_start__                                   dbg/startup.o
__svc_stack_top__                                 dbg/startup.o
__syscalls                                        c:/tools/devkitpro/devkitarm/bin/../lib/gcc/arm-eabi/4.4.3/../../../../arm-eabi/lib\libsysbase.a(syscall_support.o)
                                                  c:/tools/devkitpro/devkitarm/bin/../lib/gcc/arm-eabi/4.4.3/../../../../arm-eabi/lib\libsysbase.a(_exit.o)
__und_stack_top__                                 dbg/startup.o
_edata                                            dbg/startup.o
_exit                                             c:/tools/devkitpro/devkitarm/bin/../lib/gcc/arm-eabi/4.4.3/../../../../arm-eabi/lib\libsysbase.a(_exit.o)
                                                  c:/tools/devkitpro/devkitarm/bin/../lib/gcc/arm-eabi/4.4.3/../../../../arm-eabi/lib\libc.a(lib_a-exit.o)
_fini                                             c:/tools/devkitpro/devkitarm/bin/../lib/gcc/arm-eabi/4.4.3/crti.o
                                                  c:/tools/devkitpro/devkitarm/bin/../lib/gcc/arm-eabi/4.4.3/../../../../arm-eabi/lib\libc.a(lib_a-init.o)
_global_impure_ptr                                c:/tools/devkitpro/devkitarm/bin/../lib/gcc/arm-eabi/4.4.3/../../../../arm-eabi/lib\libc.a(lib_a-impure.o)
                                                  c:/tools/devkitpro/devkitarm/bin/../lib/gcc/arm-eabi/4.4.3/../../../../arm-eabi/lib\libc.a(lib_a-__call_atexit.o)
                                                  c:/tools/devkitpro/devkitarm/bin/../lib/gcc/arm-eabi/4.4.3/../../../../arm-eabi/lib\libc.a(lib_a-__atexit.o)
                                                  c:/tools/devkitpro/devkitarm/bin/../lib/gcc/arm-eabi/4.4.3/../../../../arm-eabi/lib\libc.a(lib_a-exit.o)
_impure_ptr                                       c:/tools/devkitpro/devkitarm/bin/../lib/gcc/arm-eabi/4.4.3/../../../../arm-eabi/lib\libc.a(lib_a-impure.o)
_init                                             c:/tools/devkitpro/devkitarm/bin/../lib/gcc/arm-eabi/4.4.3/crti.o
                                                  c:/tools/devkitpro/devkitarm/bin/../lib/gcc/arm-eabi/4.4.3/../../../../arm-eabi/lib\libc.a(lib_a-init.o)
_mainCRTStartup                                   c:/tools/devkitpro/devkitarm/bin/../lib/gcc/arm-eabi/4.4.3/../../../../arm-eabi/lib/crt0.o
_start                                            c:/tools/devkitpro/devkitarm/bin/../lib/gcc/arm-eabi/4.4.3/../../../../arm-eabi/lib/crt0.o
_vectors                                          dbg/startup.o
atexit                                            c:/tools/devkitpro/devkitarm/bin/../lib/gcc/arm-eabi/4.4.3/../../../../arm-eabi/lib\libc.a(lib_a-atexit.o)
                                                  c:/tools/devkitpro/devkitarm/bin/../lib/gcc/arm-eabi/4.4.3/../../../../arm-eabi/lib/crt0.o
eventFlagCheck(unsigned char)                     dbg/isr.o
                                                  dbg/blinky.o
eventFlagSet(unsigned char)                       dbg/isr.o
exit                                              c:/tools/devkitpro/devkitarm/bin/../lib/gcc/arm-eabi/4.4.3/../../../../arm-eabi/lib\libc.a(lib_a-exit.o)
                                                  c:/tools/devkitpro/devkitarm/bin/../lib/gcc/arm-eabi/4.4.3/../../../../arm-eabi/lib/crt0.o
free                                              dbg/no_heap.o
                                                  c:/tools/devkitpro/devkitarm/bin/../lib/gcc/arm-eabi/4.4.3/../../../../arm-eabi/lib\libc.a(lib_a-__call_atexit.o)
                                                  dbg/mini_cpp.o
hardware_init_hook                                c:/tools/devkitpro/devkitarm/bin/../lib/gcc/arm-eabi/4.4.3/../../../../arm-eabi/lib/crt0.o
low_level_init                                    dbg/low_level_init.o
                                                  dbg/startup.o
main                                              dbg/blinky.o
                                                  dbg/startup.o
                                                  c:/tools/devkitpro/devkitarm/bin/../lib/gcc/arm-eabi/4.4.3/../../../../arm-eabi/lib/crt0.o
malloc                                            dbg/no_heap.o
                                                  c:/tools/devkitpro/devkitarm/bin/../lib/gcc/arm-eabi/4.4.3/../../../../arm-eabi/lib\libc.a(lib_a-__atexit.o)
                                                  dbg/mini_cpp.o
memset                                            c:/tools/devkitpro/devkitarm/bin/../lib/gcc/arm-eabi/4.4.3/../../../../arm-eabi/lib\libc.a(lib_a-memset.o)
                                                  c:/tools/devkitpro/devkitarm/bin/../lib/gcc/arm-eabi/4.4.3/../../../../arm-eabi/lib/crt0.o
operator delete(void*)                            dbg/mini_cpp.o
                                                  dbg/blinky.o
operator new(unsigned int)                        dbg/mini_cpp.o
software_init_hook                                c:/tools/devkitpro/devkitarm/bin/../lib/gcc/arm-eabi/4.4.3/../../../../arm-eabi/lib/crt0.o
start                                             c:/tools/devkitpro/devkitarm/bin/../lib/gcc/arm-eabi/4.4.3/../../../../arm-eabi/lib/crt0.o
vtable for Blinky                                 dbg/blinky.o
